// Jest Snapshot v1, https://goo.gl/fbAQLP

exports[`AccountSubscriptions renders empty 1`] = `
<SideEffect(DocumentTitle)
  title="Subscriptions - Sentry"
>
  <div>
    <SettingsPageHeading
      title="Subscriptions"
    />
    <TextBlock>
      Sentry is committed to respecting your inbox. Our goal is to provide useful content and resources that make fixing errors less painful. Enjoyable even.
    </TextBlock>
    <TextBlock>
      As part of our compliance with the EU’s General Data Protection Regulation (GDPR), starting on 25 May 2018, we’ll only email you according to the marketing categories to which you’ve explicitly opted-in.
    </TextBlock>
    <Panel>
      <EmptyMessage>
        There's no subscription backend present.
      </EmptyMessage>
    </Panel>
    <TextBlock>
      We’re applying GDPR consent and privacy policies to all Sentry contacts, regardless of location. You’ll be able to manage your subscriptions here and from an Unsubscribe link in the footer of all marketing emails.
    </TextBlock>
    <TextBlock>
      Please contact 
      <a
        href="mailto:learn@sentry.io"
      >
        learn@sentry.io
      </a>
       with any questions or suggestions.
    </TextBlock>
  </div>
</SideEffect(DocumentTitle)>
`;

exports[`AccountSubscriptions renders list and can toggle 1`] = `
<AccountSubscriptions>
  <SideEffect(DocumentTitle)
    title="Subscriptions - Sentry"
  >
    <DocumentTitle
      title="Subscriptions - Sentry"
    >
      <div>
        <SettingsPageHeading
          title="Subscriptions"
        >
          <Wrapper>
            <div
              className="css-foidy-Wrapper css-1wp86lr0"
            >
              <Flex
                align="center"
              >
                <StyledFlex
                  align="center"
                >
                  <div
                    className="css-ud6gq6-StyledFlex css-4jd5981"
                  >
                    <Title>
                      <div
                        className="css-zmdcxu-Title css-1wp86lr1"
                      >
                        Subscriptions
                      </div>
                    </Title>
                  </div>
                </StyledFlex>
              </Flex>
            </div>
          </Wrapper>
        </SettingsPageHeading>
        <TextBlock>
          <Component
            className="css-ms59cf-TextBlock css-1gwew8k0"
          >
            <div
              className="css-ms59cf-TextBlock css-1gwew8k0"
            >
              Sentry is committed to respecting your inbox. Our goal is to provide useful content and resources that make fixing errors less painful. Enjoyable even.
            </div>
          </Component>
        </TextBlock>
        <TextBlock>
          <Component
            className="css-ms59cf-TextBlock css-1gwew8k0"
          >
            <div
              className="css-ms59cf-TextBlock css-1gwew8k0"
            >
              As part of our compliance with the EU’s General Data Protection Regulation (GDPR), starting on 25 May 2018, we’ll only email you according to the marketing categories to which you’ve explicitly opted-in.
            </div>
          </Component>
        </TextBlock>
        <Panel>
          <StyledPanel>
            <div
              className="css-wfa8ap-StyledPanel css-5bw71w0"
            >
              <div>
                <PanelHeader>
                  <StyledPanelHeader>
                    <Component
                      className="css-kf498j-StyledPanelHeader css-9rpnl60"
                    >
                      <Flex
                        align="center"
                        className="css-kf498j-StyledPanelHeader css-9rpnl60"
                        justify="space-between"
                      >
                        <StyledFlex
                          align="center"
                          className="css-kf498j-StyledPanelHeader css-9rpnl60"
                          justify="space-between"
                        >
                          <div
                            className="css-9rpnl60 css-69xk6m-StyledFlex css-4jd5981"
                          >
                            Subscription
                          </div>
                        </StyledFlex>
                      </Flex>
                    </Component>
                  </StyledPanelHeader>
                </PanelHeader>
                <PanelBody
                  direction="column"
                  disablePadding={true}
                  flex={false}
                >
                  <div
                    className=""
                  >
                    <PanelItem
                      align="center"
                      key="2"
                      p={2}
                    >
                      <StyledPanelItem
                        align="center"
                        p={2}
                      >
                        <Flex
                          align="center"
                          className="css-g2y9ad-StyledPanelItem css-ggxnv80"
                          p={2}
                        >
                          <StyledFlex
                            align="center"
                            className="css-g2y9ad-StyledPanelItem css-ggxnv80"
                          >
                            <div
                              className="css-ggxnv80 css-cfhnwf-StyledFlex css-4jd5981"
                            >
                              <Box
                                pr={2}
                                w={0.5}
                              >
                                <StyledBox>
                                  <div
                                    className="css-1b52b86-StyledBox css-4jd5980"
                                  >
                                    <SubscriptionName>
                                      <div
                                        className="css-tt56b0-SubscriptionName css-tqo0010"
                                      >
                                        Product & Feature Updates
                                      </div>
                                    </SubscriptionName>
                                    <Description>
                                      <div
                                        className="css-781ki1-Description css-tqo0011"
                                      >
                                        Everything you need to know about Sentry features, integrations, partnerships, and launches.
                                      </div>
                                    </Description>
                                    <SubscribedDescription>
                                      <div
                                        className="css-19frbfu-Description-SubscribedDescription css-tqo0012"
                                      >
                                        <div>
                                          test@sentry.io
                                           on
                                           
                                          <DateTime
                                            date="2018-01-08T05:14:59.102Z"
                                            seconds={true}
                                            shortDate={true}
                                          >
                                            <time>
                                              01/08/2018
                                            </time>
                                          </DateTime>
                                        </div>
                                      </div>
                                    </SubscribedDescription>
                                  </div>
                                </StyledBox>
                              </Box>
                              <Box>
                                <StyledBox>
                                  <div
                                    className="css-1m695dv-StyledBox css-4jd5980"
                                  >
                                    <Switch
                                      isActive={true}
                                      size="lg"
                                      toggle={[Function]}
                                    >
                                      <div
                                        aria-checked={true}
                                        className="switch switch-lg switch-on"
                                        onClick={[Function]}
                                        role="checkbox"
                                      >
                                        <span
                                          className="switch-toggle"
                                        />
                                      </div>
                                    </Switch>
                                  </div>
                                </StyledBox>
                              </Box>
                            </div>
                          </StyledFlex>
                        </Flex>
                      </StyledPanelItem>
                    </PanelItem>
                    <PanelItem
                      align="center"
                      key="1"
                      p={2}
                    >
                      <StyledPanelItem
                        align="center"
                        p={2}
                      >
                        <Flex
                          align="center"
                          className="css-g2y9ad-StyledPanelItem css-ggxnv80"
                          p={2}
                        >
                          <StyledFlex
                            align="center"
                            className="css-g2y9ad-StyledPanelItem css-ggxnv80"
                          >
                            <div
                              className="css-ggxnv80 css-cfhnwf-StyledFlex css-4jd5981"
                            >
                              <Box
                                pr={2}
                                w={0.5}
                              >
                                <StyledBox>
                                  <div
                                    className="css-1b52b86-StyledBox css-4jd5980"
                                  >
                                    <SubscriptionName>
                                      <div
                                        className="css-tt56b0-SubscriptionName css-tqo0010"
                                      >
                                        Sentry Newsletter
                                      </div>
                                    </SubscriptionName>
                                    <Description>
                                      <div
                                        className="css-781ki1-Description css-tqo0011"
                                      >
                                        Our monthly update on what's new with Sentry and the community.
                                      </div>
                                    </Description>
                                    <SubscribedDescription>
                                      <div
                                        className="css-19frbfu-Description-SubscribedDescription css-tqo0012"
                                      >
                                        Not currently subscribed
                                      </div>
                                    </SubscribedDescription>
                                  </div>
                                </StyledBox>
                              </Box>
                              <Box>
                                <StyledBox>
                                  <div
                                    className="css-1m695dv-StyledBox css-4jd5980"
                                  >
                                    <Switch
                                      isActive={false}
                                      size="lg"
                                      toggle={[Function]}
                                    >
                                      <div
                                        aria-checked={false}
                                        className="switch switch-lg"
                                        onClick={[Function]}
                                        role="checkbox"
                                      >
                                        <span
                                          className="switch-toggle"
                                        />
                                      </div>
                                    </Switch>
                                  </div>
                                </StyledBox>
                              </Box>
                            </div>
                          </StyledFlex>
                        </Flex>
                      </StyledPanelItem>
                    </PanelItem>
                     
                  </div>
                </PanelBody>
              </div>
            </div>
          </StyledPanel>
        </Panel>
        <TextBlock>
          <Component
            className="css-ms59cf-TextBlock css-1gwew8k0"
          >
            <div
              className="css-ms59cf-TextBlock css-1gwew8k0"
            >
              We’re applying GDPR consent and privacy policies to all Sentry contacts, regardless of location. You’ll be able to manage your subscriptions here and from an Unsubscribe link in the footer of all marketing emails.
            </div>
          </Component>
        </TextBlock>
        <TextBlock>
          <Component
            className="css-ms59cf-TextBlock css-1gwew8k0"
          >
            <div
              className="css-ms59cf-TextBlock css-1gwew8k0"
            >
              Please contact 
              <a
                href="mailto:learn@sentry.io"
              >
                learn@sentry.io
              </a>
               with any questions or suggestions.
            </div>
          </Component>
        </TextBlock>
      </div>
    </DocumentTitle>
  </SideEffect(DocumentTitle)>
</AccountSubscriptions>
`;
