// Jest Snapshot v1, https://goo.gl/fbAQLP

exports[`ApiTokens renders empty result 1`] = `
<SideEffect(DocumentTitle)
  title="API Tokens - Sentry"
>
  <div>
    <SettingsPageHeading
      action={
        <Button
          className="ref-create-token"
          disabled={false}
          priority="primary"
          size="small"
          to="/settings/account/api/auth-tokens/new-token/"
        >
          Create New Token
        </Button>
      }
      title="Auth Tokens"
    />
    <TextBlock>
      Authentication tokens allow you to perform actions against the Sentry API on behalf of your account. They're the easiest way to get started using the API.
    </TextBlock>
    <TextBlock>
      <span
        key="5"
      >
        <span
          key="0"
        >
          For more information on how to use the web API, see our 
        </span>
        <a
          href="https://docs.sentry.io/hosted/api/"
          key="2"
        >
          <span
            key="1"
          >
            documentation
          </span>
        </a>
        <span
          key="3"
        >
          .
        </span>
      </span>
    </TextBlock>
    <TextBlock>
      <small>
        psst. Looking for the 
        <strong>
          DSN
        </strong>
         for an SDK? You'll find that under
         
        <strong>
          [Project] » Settings » Client Keys
        </strong>
        .
      </small>
    </TextBlock>
    <Panel>
      <PanelHeader
        disablePadding={true}
      >
        <Flex
          align="center"
        >
          <Box
            flex="1"
            px={2}
          >
            Auth Token
          </Box>
        </Flex>
      </PanelHeader>
      <PanelBody
        direction="column"
        disablePadding={true}
        flex={false}
      >
        <EmptyMessage>
          You haven't created any authentication tokens yet.
        </EmptyMessage>
      </PanelBody>
    </Panel>
  </div>
</SideEffect(DocumentTitle)>
`;

exports[`ApiTokens renders with result 1`] = `
<ApiTokens>
  <SideEffect(DocumentTitle)
    title="API Tokens - Sentry"
  >
    <DocumentTitle
      title="API Tokens - Sentry"
    >
      <div>
        <SettingsPageHeading
          action={
            <Button
              className="ref-create-token"
              disabled={false}
              priority="primary"
              size="small"
              to="/settings/account/api/auth-tokens/new-token/"
            >
              Create New Token
            </Button>
          }
          title="Auth Tokens"
        >
          <Wrapper>
            <div
              className="css-foidy-Wrapper css-1wp86lr0"
            >
              <Flex
                align="center"
              >
                <StyledFlex
                  align="center"
                >
                  <div
                    className="css-ud6gq6-StyledFlex css-4jd5981"
                  >
                    <Title>
                      <div
                        className="css-zmdcxu-Title css-1wp86lr1"
                      >
                        Auth Tokens
                      </div>
                    </Title>
                    <div>
                      <Button
                        className="ref-create-token"
                        disabled={false}
                        priority="primary"
                        size="small"
                        to="/settings/account/api/auth-tokens/new-token/"
                      >
                        <Link
                          className="ref-create-token button button-primary button-sm"
                          disabled={false}
                          onClick={[Function]}
                          onlyActiveOnIndex={false}
                          role="button"
                          style={Object {}}
                          to="/settings/account/api/auth-tokens/new-token/"
                        >
                          <a
                            className="ref-create-token button button-primary button-sm"
                            disabled={false}
                            onClick={[Function]}
                            role="button"
                            style={Object {}}
                          >
                            <Flex
                              align="center"
                              className="button-label"
                            >
                              <StyledFlex
                                align="center"
                                className="button-label"
                              >
                                <div
                                  className="button-label css-ud6gq6-StyledFlex css-4jd5981"
                                >
                                  Create New Token
                                </div>
                              </StyledFlex>
                            </Flex>
                          </a>
                        </Link>
                      </Button>
                    </div>
                  </div>
                </StyledFlex>
              </Flex>
            </div>
          </Wrapper>
        </SettingsPageHeading>
        <TextBlock>
          <Component
            className="css-ms59cf-TextBlock css-1gwew8k0"
          >
            <div
              className="css-ms59cf-TextBlock css-1gwew8k0"
            >
              Authentication tokens allow you to perform actions against the Sentry API on behalf of your account. They're the easiest way to get started using the API.
            </div>
          </Component>
        </TextBlock>
        <TextBlock>
          <Component
            className="css-ms59cf-TextBlock css-1gwew8k0"
          >
            <div
              className="css-ms59cf-TextBlock css-1gwew8k0"
            >
              <span
                key="5"
              >
                <span
                  key="0"
                >
                  For more information on how to use the web API, see our 
                </span>
                <a
                  href="https://docs.sentry.io/hosted/api/"
                  key="2"
                >
                  <span
                    key="1"
                  >
                    documentation
                  </span>
                </a>
                <span
                  key="3"
                >
                  .
                </span>
              </span>
            </div>
          </Component>
        </TextBlock>
        <TextBlock>
          <Component
            className="css-ms59cf-TextBlock css-1gwew8k0"
          >
            <div
              className="css-ms59cf-TextBlock css-1gwew8k0"
            >
              <small>
                psst. Looking for the 
                <strong>
                  DSN
                </strong>
                 for an SDK? You'll find that under
                 
                <strong>
                  [Project] » Settings » Client Keys
                </strong>
                .
              </small>
            </div>
          </Component>
        </TextBlock>
        <Panel>
          <StyledPanel>
            <div
              className="css-wfa8ap-StyledPanel css-5bw71w0"
            >
              <PanelHeader
                disablePadding={true}
              >
                <StyledPanelHeader
                  disablePadding={true}
                >
                  <Component
                    className="css-18fb6u1-StyledPanelHeader css-9rpnl60"
                    disablePadding={true}
                  >
                    <Flex
                      align="center"
                      className="css-18fb6u1-StyledPanelHeader css-9rpnl60"
                      justify="space-between"
                    >
                      <StyledFlex
                        align="center"
                        className="css-18fb6u1-StyledPanelHeader css-9rpnl60"
                        justify="space-between"
                      >
                        <div
                          className="css-9rpnl60 css-qawref-StyledFlex css-4jd5981"
                        >
                          <Flex
                            align="center"
                          >
                            <StyledFlex
                              align="center"
                            >
                              <div
                                className="css-ud6gq6-StyledFlex css-4jd5981"
                              >
                                <Box
                                  flex="1"
                                  px={2}
                                >
                                  <StyledBox>
                                    <div
                                      className="css-vjb1rk-StyledBox css-4jd5980"
                                    >
                                      Auth Token
                                    </div>
                                  </StyledBox>
                                </Box>
                              </div>
                            </StyledFlex>
                          </Flex>
                        </div>
                      </StyledFlex>
                    </Flex>
                  </Component>
                </StyledPanelHeader>
              </PanelHeader>
              <PanelBody
                direction="column"
                disablePadding={true}
                flex={false}
              >
                <div
                  className=""
                >
                  <ApiTokenRow
                    key="apitoken123"
                    onRemove={[Function]}
                    token={
                      Object {
                        "dateCreated": 2018-01-12T02:01:41.000Z,
                        "scopes": Array [
                          "scope1",
                          "scope2",
                        ],
                        "token": "apitoken123",
                      }
                    }
                  >
                    <StyledPanelItem
                      p={2}
                    >
                      <PanelItem
                        className="css-1bzgvtg-StyledPanelItem css-af3bus0"
                        p={2}
                      >
                        <StyledPanelItem
                          className="css-1bzgvtg-StyledPanelItem css-af3bus0"
                          p={2}
                        >
                          <Flex
                            className="css-af3bus0 css-14lz8p1-StyledPanelItem css-ggxnv80"
                            p={2}
                          >
                            <StyledFlex
                              className="css-af3bus0 css-14lz8p1-StyledPanelItem css-ggxnv80"
                            >
                              <div
                                className="css-af3bus0 css-ggxnv80 css-1v3zsqr-StyledFlex css-4jd5981"
                              >
                                <div>
                                  <Flex>
                                    <StyledFlex>
                                      <div
                                        className="css-ud6gq6-StyledFlex css-4jd5981"
                                      >
                                        <Box
                                          flex="1"
                                        >
                                          <StyledBox>
                                            <div
                                              className="css-fsjb0e-StyledBox css-4jd5980"
                                            >
                                              <div
                                                style={
                                                  Object {
                                                    "marginBottom": 5,
                                                  }
                                                }
                                              >
                                                <small>
                                                  <TextCopyInput
                                                    flexValueContainer={false}
                                                    onCopy={[Function]}
                                                    renderer={[Function]}
                                                  >
                                                    <Flex>
                                                      <StyledFlex>
                                                        <div
                                                          className="css-ud6gq6-StyledFlex css-4jd5981"
                                                        >
                                                          <OverflowContainer>
                                                            <div
                                                              className="css-1qj34or-OverflowContainer css-wn5lbc1"
                                                            >
                                                              <StyledInput
                                                                onClick={[Function]}
                                                                readOnly={true}
                                                                value="apitoken123"
                                                              >
                                                                <Component
                                                                  className="css-14cbxk4-StyledInput css-wn5lbc0"
                                                                  onClick={[Function]}
                                                                  readOnly={true}
                                                                  value="apitoken123"
                                                                >
                                                                  <input
                                                                    className="css-14cbxk4-StyledInput css-wn5lbc0"
                                                                    onClick={[Function]}
                                                                    readOnly={true}
                                                                    value="apitoken123"
                                                                  />
                                                                </Component>
                                                              </StyledInput>
                                                            </div>
                                                          </OverflowContainer>
                                                          <Clipboard
                                                            errorMessage="Error copying to clipboard"
                                                            hideMessages={false}
                                                            hideUnsupported={true}
                                                            onClick={[Function]}
                                                            successMessage="Copied to clipboard"
                                                            value="apitoken123"
                                                          />
                                                        </div>
                                                      </StyledFlex>
                                                    </Flex>
                                                  </TextCopyInput>
                                                </small>
                                              </div>
                                            </div>
                                          </StyledBox>
                                        </Box>
                                        <Action
                                          pl={2}
                                        >
                                          <Box
                                            className="css-h4reca-Action css-af3bus4"
                                            pl={2}
                                          >
                                            <StyledBox
                                              className="css-h4reca-Action css-af3bus4"
                                            >
                                              <div
                                                className="css-af3bus4 css-1ubwr0c-StyledBox css-4jd5980"
                                              >
                                                <StyledButton
                                                  icon="icon-circle-subtract"
                                                  onClick={[Function]}
                                                  size="small"
                                                >
                                                  <Button
                                                    className="css-fla6ex-StyledButton css-af3bus6"
                                                    disabled={false}
                                                    icon="icon-circle-subtract"
                                                    onClick={[Function]}
                                                    size="small"
                                                  >
                                                    <button
                                                      className="css-fla6ex-StyledButton css-af3bus6 button button-default button-sm"
                                                      disabled={false}
                                                      onClick={[Function]}
                                                      role="button"
                                                    >
                                                      <Flex
                                                        align="center"
                                                        className="button-label"
                                                      >
                                                        <StyledFlex
                                                          align="center"
                                                          className="button-label"
                                                        >
                                                          <div
                                                            className="button-label css-ud6gq6-StyledFlex css-4jd5981"
                                                          >
                                                            <Icon
                                                              size="small"
                                                            >
                                                              <Box
                                                                className="css-h7y7by-Icon css-1i8rv9g0"
                                                                size="small"
                                                              >
                                                                <StyledBox
                                                                  className="css-h7y7by-Icon css-1i8rv9g0"
                                                                  size="small"
                                                                >
                                                                  <div
                                                                    className="css-1i8rv9g0 css-128il38-StyledBox css-4jd5980"
                                                                    size="small"
                                                                  >
                                                                    <StyledInlineSvg
                                                                      size="12px"
                                                                      src="icon-circle-subtract"
                                                                    >
                                                                      <InlineSvg
                                                                        className="css-1ov3rcq-StyledInlineSvg css-1i8rv9g1"
                                                                        size="12px"
                                                                        src="icon-circle-subtract"
                                                                      >
                                                                        <StyledSvg
                                                                          className="css-1ov3rcq-StyledInlineSvg css-1i8rv9g1"
                                                                          height="12px"
                                                                          viewBox={Object {}}
                                                                          width="12px"
                                                                        >
                                                                          <svg
                                                                            className="css-1i8rv9g1 css-1rlza0i-StyledSvg css-adkcw30"
                                                                            height="12px"
                                                                            viewBox={Object {}}
                                                                            width="12px"
                                                                          >
                                                                            <use
                                                                              href="#test"
                                                                              xlinkHref="#test"
                                                                            />
                                                                          </svg>
                                                                        </StyledSvg>
                                                                      </InlineSvg>
                                                                    </StyledInlineSvg>
                                                                  </div>
                                                                </StyledBox>
                                                              </Box>
                                                            </Icon>
                                                            <span
                                                              className="ref-delete-api-token"
                                                            >
                                                              Remove
                                                            </span>
                                                          </div>
                                                        </StyledFlex>
                                                      </Flex>
                                                    </button>
                                                  </Button>
                                                </StyledButton>
                                              </div>
                                            </StyledBox>
                                          </Box>
                                        </Action>
                                      </div>
                                    </StyledFlex>
                                  </Flex>
                                </div>
                                <Details>
                                  <Flex
                                    className="css-1ftinlo-Details css-af3bus1"
                                  >
                                    <StyledFlex
                                      className="css-1ftinlo-Details css-af3bus1"
                                    >
                                      <div
                                        className="css-af3bus1 css-32vhku-StyledFlex css-4jd5981"
                                      >
                                        <Box
                                          flex="1"
                                        >
                                          <StyledBox>
                                            <div
                                              className="css-fsjb0e-StyledBox css-4jd5980"
                                            >
                                              <Heading>
                                                <div
                                                  className="css-1f0mnd4-Heading css-af3bus5"
                                                >
                                                  Scopes
                                                </div>
                                              </Heading>
                                              <ScopeList>
                                                <div
                                                  className="css-5kshz2-ScopeList css-af3bus2"
                                                >
                                                  scope1, scope2
                                                </div>
                                              </ScopeList>
                                            </div>
                                          </StyledBox>
                                        </Box>
                                        <Box>
                                          <StyledBox>
                                            <div
                                              className="css-1m695dv-StyledBox css-4jd5980"
                                            >
                                              <Heading>
                                                <div
                                                  className="css-1f0mnd4-Heading css-af3bus5"
                                                >
                                                  Created
                                                </div>
                                              </Heading>
                                              <Time>
                                                <time
                                                  className="css-1suld8z-Time css-af3bus3"
                                                >
                                                  <DateTime
                                                    date={2018-01-12T02:01:41.000Z}
                                                    seconds={true}
                                                  >
                                                    <time>
                                                      Jan 12, 2018 2:01:41 AM UTC
                                                    </time>
                                                  </DateTime>
                                                </time>
                                              </Time>
                                            </div>
                                          </StyledBox>
                                        </Box>
                                      </div>
                                    </StyledFlex>
                                  </Flex>
                                </Details>
                              </div>
                            </StyledFlex>
                          </Flex>
                        </StyledPanelItem>
                      </PanelItem>
                    </StyledPanelItem>
                  </ApiTokenRow>
                </div>
              </PanelBody>
            </div>
          </StyledPanel>
        </Panel>
      </div>
    </DocumentTitle>
  </SideEffect(DocumentTitle)>
</ApiTokens>
`;
