// Jest Snapshot v1, https://goo.gl/fbAQLP

exports[`OrganizationTeamProjects Should render 1`] = `
<withTeams
  params={
    Object {
      "orgId": "org-slug",
    }
  }
>
  <withProjects
    params={
      Object {
        "orgId": "org-slug",
      }
    }
    teams={Array []}
  >
    <OrganizationTeamsProjectsView
      params={
        Object {
          "orgId": "org-slug",
        }
      }
      projects={
        Array [
          Object {
            "hasAccess": true,
            "id": "2",
            "isBookmarked": false,
            "isMember": true,
            "name": "Project Name",
            "slug": "project-slug",
            "teams": Array [
              Object {
                "id": "1",
                "name": "Team Name",
                "slug": "team-slug",
              },
            ],
          },
          Object {
            "hasAccess": true,
            "id": "3",
            "isBookmarked": false,
            "isMember": true,
            "name": "Project Name 2",
            "slug": "project-slug-2",
            "teams": Array [],
          },
        ]
      }
      teams={Array []}
    >
      <div
        className="row"
      >
        <SettingsPageHeading
          title="Projects by Team"
        >
          <Wrapper>
            <div
              className="css-foidy-Wrapper css-1wp86lr0"
            >
              <Flex
                align="center"
              >
                <StyledFlex
                  align="center"
                >
                  <div
                    className="css-ud6gq6-StyledFlex css-4jd5981"
                  >
                    <Title>
                      <div
                        className="css-zmdcxu-Title css-1wp86lr1"
                      >
                        Projects by Team
                      </div>
                    </Title>
                  </div>
                </StyledFlex>
              </Flex>
            </div>
          </Wrapper>
        </SettingsPageHeading>
        <div
          className="col-md-9"
        >
          <div
            className="team-list"
          >
            <Panel
              key="null"
            >
              <StyledPanel>
                <div
                  className="css-wfa8ap-StyledPanel css-5bw71w0"
                >
                  <PanelHeader
                    className="css-geruia"
                  >
                    <StyledPanelHeader
                      className="css-geruia"
                    >
                      <Component
                        className="css-1u5qp3z-StyledPanelHeader css-9rpnl60"
                      >
                        <Flex
                          align="center"
                          className="css-1u5qp3z-StyledPanelHeader css-9rpnl60"
                          justify="space-between"
                        >
                          <StyledFlex
                            align="center"
                            className="css-1u5qp3z-StyledPanelHeader css-9rpnl60"
                            justify="space-between"
                          >
                            <div
                              className="css-9rpnl60 css-gxehoh-StyledFlex css-4jd5981"
                            >
                              Projects Without Teams
                            </div>
                          </StyledFlex>
                        </Flex>
                      </Component>
                    </StyledPanelHeader>
                  </PanelHeader>
                  <PanelBody
                    direction="column"
                    disablePadding={true}
                    flex={false}
                  >
                    <div
                      className=""
                    >
                      <PanelItem
                        align="center"
                        key="3"
                        p={2}
                      >
                        <StyledPanelItem
                          align="center"
                          p={2}
                        >
                          <Flex
                            align="center"
                            className="css-g2y9ad-StyledPanelItem css-ggxnv80"
                            p={2}
                          >
                            <StyledFlex
                              align="center"
                              className="css-g2y9ad-StyledPanelItem css-ggxnv80"
                            >
                              <div
                                className="css-ggxnv80 css-cfhnwf-StyledFlex css-4jd5981"
                              >
                                <Flex
                                  flex="1"
                                  justify="space-between"
                                >
                                  <StyledFlex
                                    justify="space-between"
                                  >
                                    <div
                                      className="css-1luekth-StyledFlex css-4jd5981"
                                    >
                                      <Link
                                        onlyActiveOnIndex={false}
                                        style={Object {}}
                                        to="/org-slug/project-slug-2/"
                                      >
                                        <a
                                          onClick={[Function]}
                                          style={Object {}}
                                        >
                                          <ProjectLabel
                                            project={
                                              Object {
                                                "hasAccess": true,
                                                "id": "3",
                                                "isBookmarked": false,
                                                "isMember": true,
                                                "name": "Project Name 2",
                                                "slug": "project-slug-2",
                                                "teams": Array [],
                                              }
                                            }
                                          >
                                            <span
                                              className="project-label"
                                              project={
                                                Object {
                                                  "hasAccess": true,
                                                  "id": "3",
                                                  "isBookmarked": false,
                                                  "isMember": true,
                                                  "name": "Project Name 2",
                                                  "slug": "project-slug-2",
                                                  "teams": Array [],
                                                }
                                              }
                                            >
                                              <span
                                                className="project-name"
                                              >
                                                project-slug-2
                                              </span>
                                            </span>
                                          </ProjectLabel>
                                        </a>
                                      </Link>
                                      <div
                                        className="project-chart"
                                      />
                                    </div>
                                  </StyledFlex>
                                </Flex>
                                <Box
                                  ml={2}
                                >
                                  <StyledBox>
                                    <div
                                      className="css-kq801w-StyledBox css-4jd5980"
                                    >
                                      <Button
                                        disabled={false}
                                        size="small"
                                        to="/settings/org-slug/project-slug-2/"
                                      >
                                        <Link
                                          className="button button-default button-sm"
                                          disabled={false}
                                          onClick={[Function]}
                                          onlyActiveOnIndex={false}
                                          role="button"
                                          style={Object {}}
                                          to="/settings/org-slug/project-slug-2/"
                                        >
                                          <a
                                            className="button button-default button-sm"
                                            disabled={false}
                                            onClick={[Function]}
                                            role="button"
                                            style={Object {}}
                                          >
                                            <Flex
                                              align="center"
                                              className="button-label"
                                            >
                                              <StyledFlex
                                                align="center"
                                                className="button-label"
                                              >
                                                <div
                                                  className="button-label css-ud6gq6-StyledFlex css-4jd5981"
                                                >
                                                  Manage Project
                                                </div>
                                              </StyledFlex>
                                            </Flex>
                                          </a>
                                        </Link>
                                      </Button>
                                    </div>
                                  </StyledBox>
                                </Box>
                              </div>
                            </StyledFlex>
                          </Flex>
                        </StyledPanelItem>
                      </PanelItem>
                    </div>
                  </PanelBody>
                </div>
              </StyledPanel>
            </Panel>
          </div>
        </div>
      </div>
    </OrganizationTeamsProjectsView>
  </withProjects>
</withTeams>
`;
