// Jest Snapshot v1, https://goo.gl/fbAQLP

exports[`OrganizationApiKeysList renders 1`] = `
<OrganizationApiKeysList
  keys={
    Array [
      Object {
        "allowed_origins": "",
        "id": 1,
        "key": "aa624bcc12024702a202cd90be5feda0",
        "label": "Default",
        "scope_list": Array [
          "project:read",
          "event:read",
          "team:read",
          "member:read",
        ],
        "status": 0,
      },
    ]
  }
  params={
    Object {
      "orgId": "org-slug",
    }
  }
  routes={
    Array [
      Object {
        "path": "/",
      },
      Object {
        "path": "/:orgId/",
      },
      Object {
        "path": "/organizations/:orgId/",
      },
      Object {
        "name": "API Key",
        "path": "api-keys/",
      },
    ]
  }
>
  <div>
    <SettingsPageHeading
      action={
        <Button
          busy={undefined}
          disabled={false}
          onClick={undefined}
          priority="link"
        >
          <PlusIcon
            className="icon-plus"
          />
           
          New API Key
        </Button>
      }
      title="API Keys"
    >
      <Wrapper>
        <div
          className="css-foidy-Wrapper css-1wp86lr0"
        >
          <Flex
            align="center"
          >
            <StyledFlex
              align="center"
            >
              <div
                className="css-ud6gq6-StyledFlex css-4jd5981"
              >
                <Title>
                  <div
                    className="css-zmdcxu-Title css-1wp86lr1"
                  >
                    API Keys
                  </div>
                </Title>
                <div>
                  <Button
                    disabled={false}
                    priority="link"
                  >
                    <button
                      className="button button-link"
                      disabled={false}
                      onClick={[Function]}
                      role="button"
                    >
                      <Flex
                        align="center"
                        className="button-label"
                      >
                        <StyledFlex
                          align="center"
                          className="button-label"
                        >
                          <div
                            className="button-label css-ud6gq6-StyledFlex css-4jd5981"
                          >
                            <PlusIcon
                              className="icon-plus"
                            >
                              <span
                                className="icon-plus css-d6k0zi-PlusIcon css-1pw5leu0"
                              />
                            </PlusIcon>
                             
                            New API Key
                          </div>
                        </StyledFlex>
                      </Flex>
                    </button>
                  </Button>
                </div>
              </div>
            </StyledFlex>
          </Flex>
        </div>
      </Wrapper>
    </SettingsPageHeading>
    <TextBlock>
      <p
        className="css-1eb9fn5-TextBlock css-1pw5leu1"
      >
        <span
          key="5"
        >
          <span
            key="0"
          >
            API keys grant access to the 
          </span>
          <ExternalLink
            href="https://docs.sentry.io/hosted/api/"
            key="2"
            rel="noreferrer noopener"
            target="_blank"
          >
            <a
              href="https://docs.sentry.io/hosted/api/"
              rel="noreferrer noopener"
              target="_blank"
            >
              <span
                key="1"
              >
                developer web API
              </span>
            </a>
          </ExternalLink>
          <span
            key="3"
          >
            .
          If you're looking to configure a Sentry client, you'll need a
          client key which is available in your project settings.
          </span>
        </span>
      </p>
    </TextBlock>
    <div
      className="alert alert-block alert-info"
    >
      <span
        key="5"
      >
        <span
          key="0"
        >
          psst. Until Sentry supports OAuth, you might want to switch to using 
        </span>
        <Link
          key="2"
          to="/api/"
        >
          <a
            href="/api/"
          >
            <span
              key="1"
            >
              Auth Tokens
            </span>
          </a>
        </Link>
        <span
          key="3"
        >
           instead.
        </span>
      </span>
    </div>
    <Panel>
      <StyledPanel>
        <div
          className="css-wfa8ap-StyledPanel css-5bw71w0"
        >
          <PanelHeader
            disablePadding={true}
          >
            <StyledPanelHeader
              disablePadding={true}
            >
              <Component
                className="css-18fb6u1-StyledPanelHeader css-9rpnl60"
                disablePadding={true}
              >
                <Flex
                  align="center"
                  className="css-18fb6u1-StyledPanelHeader css-9rpnl60"
                  justify="space-between"
                >
                  <StyledFlex
                    align="center"
                    className="css-18fb6u1-StyledPanelHeader css-9rpnl60"
                    justify="space-between"
                  >
                    <div
                      className="css-9rpnl60 css-qawref-StyledFlex css-4jd5981"
                    >
                      <Flex
                        align="center"
                      >
                        <StyledFlex
                          align="center"
                        >
                          <div
                            className="css-ud6gq6-StyledFlex css-4jd5981"
                          >
                            <Flex
                              align="center"
                              flex="1"
                            >
                              <StyledFlex
                                align="center"
                              >
                                <div
                                  className="css-1luekth-StyledFlex css-4jd5981"
                                >
                                  <Box
                                    flex="1"
                                    px={2}
                                  >
                                    <StyledBox>
                                      <div
                                        className="css-vjb1rk-StyledBox css-4jd5980"
                                      >
                                        Name
                                      </div>
                                    </StyledBox>
                                  </Box>
                                  <Box
                                    flex="2"
                                    px={2}
                                  >
                                    <StyledBox>
                                      <div
                                        className="css-1sfe7n0-StyledBox css-4jd5980"
                                      >
                                        Key
                                      </div>
                                    </StyledBox>
                                  </Box>
                                </div>
                              </StyledFlex>
                            </Flex>
                            <Box
                              px={2}
                              w={100}
                            >
                              <StyledBox>
                                <div
                                  className="css-5qqgl5-StyledBox css-4jd5980"
                                >
                                  Actions
                                </div>
                              </StyledBox>
                            </Box>
                          </div>
                        </StyledFlex>
                      </Flex>
                    </div>
                  </StyledFlex>
                </Flex>
              </Component>
            </StyledPanelHeader>
          </PanelHeader>
          <PanelBody
            direction="column"
            disablePadding={true}
            flex={false}
          >
            <div
              className=""
            >
              <PanelItem
                align="center"
                key="1"
                p={0}
                py={1}
              >
                <StyledPanelItem
                  align="center"
                  p={0}
                  py={1}
                >
                  <Flex
                    align="center"
                    className="css-g2y9ad-StyledPanelItem css-ggxnv80"
                    p={0}
                    py={1}
                  >
                    <StyledFlex
                      align="center"
                      className="css-g2y9ad-StyledPanelItem css-ggxnv80"
                    >
                      <div
                        className="css-ggxnv80 css-181i5nx-StyledFlex css-4jd5981"
                      >
                        <Flex
                          align="center"
                          flex="1"
                        >
                          <StyledFlex
                            align="center"
                          >
                            <div
                              className="css-1luekth-StyledFlex css-4jd5981"
                            >
                              <Box
                                align="center"
                                flex="1"
                                px={2}
                              >
                                <StyledBox
                                  align="center"
                                >
                                  <div
                                    className="css-vjb1rk-StyledBox css-4jd5980"
                                  >
                                    <Link
                                      to="/organizations/org-slug/api-keys/1/"
                                    >
                                      <a
                                        href="/organizations/org-slug/api-keys/1/"
                                      >
                                        Default
                                      </a>
                                    </Link>
                                  </div>
                                </StyledBox>
                              </Box>
                              <Box
                                flex="2"
                                px={2}
                              >
                                <StyledBox>
                                  <div
                                    className="css-1sfe7n0-StyledBox css-4jd5980"
                                  >
                                    <div
                                      className="form-control disabled auto-select"
                                    >
                                      aa624bcc12024702a202cd90be5feda0
                                    </div>
                                  </div>
                                </StyledBox>
                              </Box>
                            </div>
                          </StyledFlex>
                        </Flex>
                        <Box
                          px={2}
                          w={100}
                        >
                          <StyledBox>
                            <div
                              className="css-5qqgl5-StyledBox css-4jd5980"
                            >
                              <LinkWithConfirmation
                                className="btn btn-default btn-sm"
                                message="Are you sure you want to remove this API key?"
                                onConfirm={[Function]}
                                title="Remove API Key?"
                              >
                                <Confirm
                                  cancelText="Cancel"
                                  confirmText="Confirm"
                                  message="Are you sure you want to remove this API key?"
                                  onConfirm={[Function]}
                                  priority="primary"
                                >
                                  <a
                                    className="btn btn-default btn-sm"
                                    onClick={[Function]}
                                    title="Remove API Key?"
                                  >
                                    <span
                                      className="icon-trash"
                                    />
                                  </a>
                                  <Modal
                                    animation={false}
                                    autoFocus={true}
                                    backdrop={true}
                                    bsClass="modal"
                                    dialogComponentClass={[Function]}
                                    enforceFocus={true}
                                    keyboard={true}
                                    manager={
                                      ModalManager {
                                        "add": [Function],
                                        "containers": Array [],
                                        "data": Array [],
                                        "handleContainerOverflow": true,
                                        "hideSiblingNodes": true,
                                        "isTopModal": [Function],
                                        "modals": Array [],
                                        "remove": [Function],
                                      }
                                    }
                                    onHide={[Function]}
                                    renderBackdrop={[Function]}
                                    restoreFocus={true}
                                    show={false}
                                  >
                                    <Modal
                                      autoFocus={true}
                                      backdrop={true}
                                      backdropClassName="modal-backdrop"
                                      containerClassName="modal-open"
                                      enforceFocus={true}
                                      keyboard={true}
                                      manager={
                                        ModalManager {
                                          "add": [Function],
                                          "containers": Array [],
                                          "data": Array [],
                                          "handleContainerOverflow": true,
                                          "hideSiblingNodes": true,
                                          "isTopModal": [Function],
                                          "modals": Array [],
                                          "remove": [Function],
                                        }
                                      }
                                      onEntering={[Function]}
                                      onExited={[Function]}
                                      onHide={[Function]}
                                      renderBackdrop={[Function]}
                                      restoreFocus={true}
                                      show={false}
                                    />
                                  </Modal>
                                </Confirm>
                              </LinkWithConfirmation>
                            </div>
                          </StyledBox>
                        </Box>
                      </div>
                    </StyledFlex>
                  </Flex>
                </StyledPanelItem>
              </PanelItem>
            </div>
          </PanelBody>
        </div>
      </StyledPanel>
    </Panel>
  </div>
</OrganizationApiKeysList>
`;
