// Jest Snapshot v1, https://goo.gl/fbAQLP

exports[`ProjectPluginDetails renders 1`] = `
<withPlugins
  location={
    Object {
      "pathame": "/mock-pathname/",
      "query": Object {},
    }
  }
  organization={
    Object {
      "access": Array [
        "org:read",
        "org:write",
        "org:admin",
        "project:read",
        "project:write",
        "project:admin",
        "team:read",
        "team:write",
        "team:admin",
      ],
      "features": Array [],
      "id": "3",
      "name": "Organization Name",
      "onboardingTasks": Array [],
      "projects": Array [],
      "slug": "org-slug",
      "status": Object {
        "id": "active",
        "name": "active",
      },
      "teams": Array [],
    }
  }
  params={
    Object {
      "orgId": "org-slug",
      "pluginId": "amazon-sqs",
      "projectId": "project-slug",
    }
  }
  project={
    Object {
      "hasAccess": true,
      "id": "2",
      "isBookmarked": false,
      "isMember": true,
      "name": "Project Name",
      "slug": "project-slug",
      "teams": Array [],
    }
  }
>
  <ProjectPluginDetails
    location={
      Object {
        "pathame": "/mock-pathname/",
        "query": Object {},
      }
    }
    organization={
      Object {
        "access": Array [
          "org:read",
          "org:write",
          "org:admin",
          "project:read",
          "project:write",
          "project:admin",
          "team:read",
          "team:write",
          "team:admin",
        ],
        "features": Array [],
        "id": "3",
        "name": "Organization Name",
        "onboardingTasks": Array [],
        "projects": Array [],
        "slug": "org-slug",
        "status": Object {
          "id": "active",
          "name": "active",
        },
        "teams": Array [],
      }
    }
    params={
      Object {
        "orgId": "org-slug",
        "pluginId": "amazon-sqs",
        "projectId": "project-slug",
      }
    }
    plugins={
      Object {
        "error": null,
        "loading": true,
        "pageLinks": null,
        "plugins": Array [],
      }
    }
    project={
      Object {
        "hasAccess": true,
        "id": "2",
        "isBookmarked": false,
        "isMember": true,
        "name": "Project Name",
        "slug": "project-slug",
        "teams": Array [],
      }
    }
  >
    <SideEffect(DocumentTitle)
      title="Sentry - Sentry"
    >
      <DocumentTitle
        title="Sentry - Sentry"
      >
        <div>
          <SettingsPageHeading
            action={
              <div
                className="pull-right"
              >
                <Button
                  disabled={false}
                  onClick={[Function]}
                  style={
                    Object {
                      "marginRight": "6px",
                    }
                  }
                >
                  Enable Plugin
                </Button>
                <Button
                  disabled={false}
                  onClick={[Function]}
                >
                  Reset Configuration
                </Button>
              </div>
            }
            title="Amazon SQS"
          >
            <Wrapper>
              <div
                className="css-foidy-Wrapper css-1wp86lr0"
              >
                <Flex
                  align="center"
                >
                  <StyledFlex
                    align="center"
                  >
                    <div
                      className="css-ud6gq6-StyledFlex css-4jd5981"
                    >
                      <Title>
                        <div
                          className="css-zmdcxu-Title css-1wp86lr1"
                        >
                          Amazon SQS
                        </div>
                      </Title>
                      <div>
                        <div
                          className="pull-right"
                        >
                          <Button
                            disabled={false}
                            onClick={[Function]}
                            style={
                              Object {
                                "marginRight": "6px",
                              }
                            }
                          >
                            <button
                              className="button button-default"
                              disabled={false}
                              onClick={[Function]}
                              role="button"
                              style={
                                Object {
                                  "marginRight": "6px",
                                }
                              }
                            >
                              <Flex
                                align="center"
                                className="button-label"
                              >
                                <StyledFlex
                                  align="center"
                                  className="button-label"
                                >
                                  <div
                                    className="button-label css-ud6gq6-StyledFlex css-4jd5981"
                                  >
                                    Enable Plugin
                                  </div>
                                </StyledFlex>
                              </Flex>
                            </button>
                          </Button>
                          <Button
                            disabled={false}
                            onClick={[Function]}
                          >
                            <button
                              className="button button-default"
                              disabled={false}
                              onClick={[Function]}
                              role="button"
                            >
                              <Flex
                                align="center"
                                className="button-label"
                              >
                                <StyledFlex
                                  align="center"
                                  className="button-label"
                                >
                                  <div
                                    className="button-label css-ud6gq6-StyledFlex css-4jd5981"
                                  >
                                    Reset Configuration
                                  </div>
                                </StyledFlex>
                              </Flex>
                            </button>
                          </Button>
                        </div>
                      </div>
                    </div>
                  </StyledFlex>
                </Flex>
              </div>
            </Wrapper>
          </SettingsPageHeading>
          <div
            className="row"
          >
            <div
              className="col-md-7"
            >
              <PluginConfig
                data={
                  Object {
                    "assets": Array [],
                    "author": Object {
                      "name": "Sentry Team",
                      "url": "https://github.com/getsentry/sentry",
                    },
                    "canDisable": true,
                    "enabled": false,
                    "hasConfiguration": true,
                    "id": "amazon-sqs",
                    "name": "Amazon SQS",
                    "slug": "amazon-sqs",
                    "version": "8.23.0.dev0",
                  }
                }
                enabled={false}
                onDisablePlugin={[Function]}
                organization={
                  Object {
                    "access": Array [
                      "org:read",
                      "org:write",
                      "org:admin",
                      "project:read",
                      "project:write",
                      "project:admin",
                      "team:read",
                      "team:write",
                      "team:admin",
                    ],
                    "features": Array [],
                    "id": "3",
                    "name": "Organization Name",
                    "onboardingTasks": Array [],
                    "projects": Array [],
                    "slug": "org-slug",
                    "status": Object {
                      "id": "active",
                      "name": "active",
                    },
                    "teams": Array [],
                  }
                }
                project={
                  Object {
                    "hasAccess": true,
                    "id": "2",
                    "isBookmarked": false,
                    "isMember": true,
                    "name": "Project Name",
                    "slug": "project-slug",
                    "teams": Array [],
                  }
                }
              >
                <Panel
                  className="plugin-config ref-plugin-config-amazon-sqs"
                >
                  <StyledPanel
                    className="plugin-config ref-plugin-config-amazon-sqs"
                  >
                    <div
                      className="plugin-config ref-plugin-config-amazon-sqs css-wfa8ap-StyledPanel css-5bw71w0"
                    >
                      <PanelHeader
                        hasButtons={true}
                      >
                        <StyledPanelHeader
                          hasButtons={true}
                        >
                          <Component
                            className="css-vzwv85-StyledPanelHeader css-9rpnl60"
                            hasButtons={true}
                          >
                            <Flex
                              align="center"
                              className="css-vzwv85-StyledPanelHeader css-9rpnl60"
                              justify="space-between"
                            >
                              <StyledFlex
                                align="center"
                                className="css-vzwv85-StyledPanelHeader css-9rpnl60"
                                justify="space-between"
                              >
                                <div
                                  className="css-9rpnl60 css-fj6f8u-StyledFlex css-4jd5981"
                                >
                                  <Flex
                                    align="center"
                                    flex="1"
                                  >
                                    <StyledFlex
                                      align="center"
                                    >
                                      <div
                                        className="css-1luekth-StyledFlex css-4jd5981"
                                      >
                                        <Flex
                                          align="center"
                                          mr={1}
                                        >
                                          <StyledFlex
                                            align="center"
                                          >
                                            <div
                                              className="css-4hbmhp-StyledFlex css-4jd5981"
                                            >
                                              <PluginIcon
                                                pluginId="amazon-sqs"
                                                size={20}
                                              >
                                                <IntegrationIcon
                                                  image={Object {}}
                                                  size={20}
                                                >
                                                  <div
                                                    className="css-xzv6mr-IntegrationIcon css-10uim240"
                                                    size={20}
                                                  />
                                                </IntegrationIcon>
                                              </PluginIcon>
                                            </div>
                                          </StyledFlex>
                                        </Flex>
                                        <span>
                                          Amazon SQS
                                        </span>
                                      </div>
                                    </StyledFlex>
                                  </Flex>
                                </div>
                              </StyledFlex>
                            </Flex>
                          </Component>
                        </StyledPanelHeader>
                      </PanelHeader>
                      <PanelBody
                        direction="column"
                        disablePadding={true}
                        flex={true}
                        pt={2}
                        px={2}
                        wrap="wrap"
                      >
                        <Flex
                          className=""
                          direction="column"
                          pt={2}
                          px={2}
                          wrap="wrap"
                        >
                          <StyledFlex
                            className=""
                            direction="column"
                            wrap="wrap"
                          >
                            <div
                              className="css-1t2rrpz-StyledFlex css-4jd5981"
                              direction="column"
                              wrap="wrap"
                            >
                              <div
                                dangerouslySetInnerHTML={
                                  Object {
                                    "__html": undefined,
                                  }
                                }
                              />
                              <PluginSettings
                                organization={
                                  Object {
                                    "access": Array [
                                      "org:read",
                                      "org:write",
                                      "org:admin",
                                      "project:read",
                                      "project:write",
                                      "project:admin",
                                      "team:read",
                                      "team:write",
                                      "team:admin",
                                    ],
                                    "features": Array [],
                                    "id": "3",
                                    "name": "Organization Name",
                                    "onboardingTasks": Array [],
                                    "projects": Array [],
                                    "slug": "org-slug",
                                    "status": Object {
                                      "id": "active",
                                      "name": "active",
                                    },
                                    "teams": Array [],
                                  }
                                }
                                plugin={
                                  DefaultPlugin {
                                    "assets": Array [],
                                    "author": Object {
                                      "name": "Sentry Team",
                                      "url": "https://github.com/getsentry/sentry",
                                    },
                                    "canDisable": true,
                                    "enabled": false,
                                    "hasConfiguration": true,
                                    "id": "amazon-sqs",
                                    "name": "Amazon SQS",
                                    "slug": "amazon-sqs",
                                    "version": "8.23.0.dev0",
                                  }
                                }
                                project={
                                  Object {
                                    "hasAccess": true,
                                    "id": "2",
                                    "isBookmarked": false,
                                    "isMember": true,
                                    "name": "Project Name",
                                    "slug": "project-slug",
                                    "teams": Array [],
                                  }
                                }
                              />
                            </div>
                          </StyledFlex>
                        </Flex>
                      </PanelBody>
                    </div>
                  </StyledPanel>
                </Panel>
              </PluginConfig>
            </div>
            <div
              className="col-md-4 col-md-offset-1"
            >
              <div
                className="pluginDetails-meta"
              >
                <h4>
                  Plugin Information
                </h4>
                <dl
                  className="flat"
                >
                  <dt>
                    Name
                  </dt>
                  <dd>
                    Amazon SQS
                  </dd>
                  <dt>
                    Author
                  </dt>
                  <dd>
                    Sentry Team
                  </dd>
                  <div>
                    <dt>
                      URL
                    </dt>
                    <dd>
                      <ExternalLink
                        href="https://github.com/getsentry/sentry"
                        rel="noreferrer noopener"
                        target="_blank"
                      >
                        <a
                          href="https://github.com/getsentry/sentry"
                          rel="noreferrer noopener"
                          target="_blank"
                        >
                          github.com/getsentry/sentry
                        </a>
                      </ExternalLink>
                    </dd>
                  </div>
                  <dt>
                    Version
                  </dt>
                  <dd>
                    8.23.0.dev0
                  </dd>
                </dl>
              </div>
            </div>
          </div>
        </div>
      </DocumentTitle>
    </SideEffect(DocumentTitle)>
  </ProjectPluginDetails>
</withPlugins>
`;
